>NODE_1_length_135_cov_5.1389_ID_1
1	135	+	1	1.333739	I:	D:
>NODE_2_length_316_cov_1.0000_ID_3
1	316	+	3	1.230641	I:	D:
>NODE_3_length_144_cov_1.0222_ID_5
1	144	+	3	1.328759	I:	D:
>NODE_4_length_156_cov_1.0175_ID_7
1	156	+	2	1.207267	I:	D:
>NODE_5_length_456_cov_2.0000_ID_9
1	456	-	2	1.270276	I:	D:
>NODE_6_length_162_cov_2.0317_ID_11
1	162	+	1	1.327241	I:	D:
>NODE_7_length_349_cov_20.0000_ID_13
1	287	+	3	1.210410	I:	D:
>NODE_8_length_302_cov_2.0000_ID_15
1	264	-	1	1.218001	I:	D:
>NODE_9_length_219_cov_1.0083_ID_17
1	219	+	1	1.236899	I:	D:
>NODE_10_length_144_cov_1.0222_ID_19
1	144	+	1	1.332864	I:	D:
>NODE_11_length_171_cov_2.0278_ID_21
1	171	+	3	1.349627	I:	D:
>NODE_12_length_132_cov_4.1212_ID_23
1	132	+	2	1.042645	I:	D:
>NODE_13_length_322_cov_1.0000_ID_25
>NODE_14_length_135_cov_1.0278_ID_27
1	135	+	1	1.205493	I:	D:
>NODE_15_length_123_cov_1.0417_ID_29
1	123	-	1	1.291689	I:	D:
>NODE_16_length_299_cov_5.0250_ID_31
1	299	+	1	1.338407	I:	D:
>NODE_17_length_148_cov_2.0408_ID_33
>NODE_18_length_310_cov_58.4408_ID_35
>NODE_19_length_407_cov_2.0000_ID_37
1	265	+	2	1.420589	I:	D:
>NODE_20_length_129_cov_1.0333_ID_39
1	129	-	3	1.322864	I:	D:
>NODE_21_length_144_cov_2.0444_ID_41
1	144	-	2	1.270368	I:	D:
>NODE_22_length_195_cov_2.0208_ID_43
1	195	+	3	1.249988	I:	D:
>NODE_23_length_138_cov_2.0513_ID_45
1	138	-	2	1.167421	I:	D:
>NODE_24_length_150_cov_1.0196_ID_47
1	150	-	2	1.210494	I:	D:
>NODE_25_length_138_cov_4.1026_ID_49
1	138	+	2	1.035759	I:	D:
>NODE_26_length_372_cov_2.0000_ID_51
1	372	-	3	1.251243	I:	D:
>NODE_27_length_159_cov_8.1333_ID_53
1	159	+	3	1.257079	I:	D:
>NODE_28_length_328_cov_3.0000_ID_55
85	327	+	1	1.388779	I:	D:
>NODE_29_length_156_cov_3.0526_ID_57
1	156	-	2	1.236661	I:	D:
>NODE_30_length_126_cov_3.1111_ID_59
1	126	-	3	1.212899	I:	D:
>NODE_31_length_171_cov_1.0139_ID_61
1	171	+	3	1.291955	I:	D:
>NODE_32_length_123_cov_2.0833_ID_63
1	123	+	3	1.248965	I:	D:
>NODE_33_length_314_cov_2.0000_ID_65
1	314	-	1	1.214899	I:	D:
>NODE_34_length_126_cov_2.0741_ID_67
1	126	-	2	1.173519	I:	D:
>NODE_35_length_141_cov_3.0714_ID_69
1	141	+	2	1.189314	I:	D:
>NODE_36_length_335_cov_2.0000_ID_71
1	335	+	1	1.238695	I:	D:
>NODE_37_length_162_cov_1.0159_ID_73
1	162	+	3	1.329068	I:	D:
>NODE_38_length_141_cov_2.0476_ID_75
1	141	+	3	1.025805	I:	D:
>NODE_39_length_171_cov_1.0139_ID_77
1	171	-	3	1.297179	I:	D:
>NODE_40_length_393_cov_2.0000_ID_79
1	393	+	2	1.292826	I:	D:
>NODE_41_length_156_cov_1.0175_ID_81
1	156	-	1	1.284885	I:	D:
>NODE_42_length_302_cov_2.0000_ID_83
1	302	-	3	1.215346	I:	D:
>NODE_43_length_162_cov_2.0317_ID_85
1	162	+	2	1.213983	I:	D:
>NODE_44_length_408_cov_2.0000_ID_87
29	408	-	2	1.222187	I:	D:
>NODE_45_length_162_cov_2.0317_ID_89
1	162	+	3	1.335237	I:	D:
>NODE_46_length_141_cov_3.0714_ID_91
1	141	+	3	1.132974	I:	D:
>NODE_47_length_180_cov_2.0247_ID_93
1	180	+	3	1.357205	I:	D:
>NODE_48_length_330_cov_3.0130_ID_95
1	330	-	1	1.247131	I:	D:
>NODE_49_length_353_cov_2.0000_ID_97
1	353	+	1	1.235136	I:	D:
>NODE_50_length_310_cov_2.0000_ID_99
1	310	-	1	1.166046	I:	D:
>NODE_51_length_126_cov_1.0370_ID_101
1	126	-	2	1.330406	I:	D:
>NODE_52_length_129_cov_1.0333_ID_103
1	129	-	3	1.125120	I:	D:
>NODE_53_length_123_cov_3.1250_ID_105
1	123	-	1	1.187819	I:	D:
>NODE_54_length_135_cov_3.0833_ID_107
1	135	-	2	1.449623	I:	D:
>NODE_55_length_120_cov_3.1429_ID_109
1	120	-	2	1.140747	I:	D:
>NODE_56_length_153_cov_2.0370_ID_111
1	153	+	2	1.253919	I:	D:
>NODE_57_length_123_cov_6.2500_ID_113
1	123	-	2	1.356355	I:	D:
>NODE_58_length_336_cov_2.0000_ID_115
1	258	-	1	1.318151	I:	D:
>NODE_59_length_121_cov_2.0909_ID_117
>NODE_60_length_121_cov_3.1364_ID_119
>NODE_61_length_200_cov_1.0099_ID_121
1	74	+	3	1.236669	I:	D:
>NODE_62_length_312_cov_1.0000_ID_123
1	312	+	3	1.243962	I:	D:
>NODE_63_length_345_cov_3.0122_ID_125
1	345	+	3	1.281407	I:	D:
>NODE_64_length_168_cov_1.0145_ID_127
1	168	-	3	1.359574	I:	D:
>NODE_65_length_130_cov_1.0323_ID_129
63	130	-	3	1.260332	I:	D:
>NODE_66_length_153_cov_2.0370_ID_131
1	153	-	3	1.167828	I:	D:
>NODE_67_length_444_cov_2.0000_ID_133
141	444	+	3	1.327335	I:	D:
>NODE_68_length_169_cov_2.0286_ID_135
1	169	+	3	1.419991	I:	D:
>NODE_69_length_231_cov_1.0076_ID_137
1	231	+	3	1.155553	I:	D:
>NODE_70_length_141_cov_1.0238_ID_139
1	141	-	3	1.394489	I:	D:
>NODE_71_length_333_cov_2.0000_ID_141
1	333	+	1	1.328164	I:	D:
>NODE_72_length_150_cov_1.0196_ID_143
1	150	+	1	1.298941	I:	D:
>NODE_73_length_147_cov_1.0208_ID_145
1	147	+	1	1.321365	I:	D:
>NODE_74_length_405_cov_26.0000_ID_147
1	397	+	2	1.320406	I:	D:
>NODE_75_length_405_cov_4.0000_ID_149
277	405	+	1	1.377517	I:	D:
>NODE_76_length_442_cov_2.0000_ID_151
27	442	-	3	1.259546	I:	D:
>NODE_77_length_164_cov_1.0154_ID_153
1	135	+	1	1.416044	I:	D:
>NODE_78_length_304_cov_2.0000_ID_155
1	227	-	3	1.261997	I:	D:
>NODE_79_length_213_cov_1.0088_ID_157
1	213	+	3	1.339221	I:	D:
>NODE_80_length_325_cov_2.0000_ID_159
1	325	+	1	1.156527	I:	D:
>NODE_81_length_328_cov_2.0000_ID_161
1	328	-	1	1.219538	I:	D:
>NODE_82_length_126_cov_3.1111_ID_163
1	126	+	2	1.008942	I:	D:
>NODE_83_length_171_cov_1.0139_ID_165
1	171	+	2	1.322420	I:	D:
>NODE_84_length_328_cov_52.0000_ID_167
>NODE_85_length_330_cov_2.0000_ID_169
1	330	-	1	1.224256	I:	D:
>NODE_86_length_134_cov_1.0286_ID_171
>NODE_87_length_333_cov_4.0000_ID_173
1	288	-	1	1.221698	I:	D:
>NODE_88_length_156_cov_1.0175_ID_175
1	156	+	2	1.369156	I:	D:
>NODE_89_length_123_cov_1.0417_ID_177
1	123	-	1	1.201042	I:	D:
>NODE_90_length_316_cov_3.0000_ID_179
1	316	+	3	1.317457	I:	D:
>NODE_91_length_120_cov_1.0476_ID_181
1	120	+	2	1.123320	I:	D:
>NODE_92_length_335_cov_3.0000_ID_183
234	335	-	3	1.313716	I:	D:
>NODE_93_length_171_cov_3.0417_ID_185
1	171	-	2	1.266074	I:	D:
>NODE_94_length_162_cov_1.0159_ID_187
1	162	-	3	1.162080	I:	D:
>NODE_95_length_120_cov_1.0476_ID_189
1	120	-	1	1.283551	I:	D:
>NODE_96_length_498_cov_2.0000_ID_191
1	136	-	2	1.258823	I:	D:
163	498	-	1	1.295443	I:	D:
>NODE_97_length_132_cov_2.0606_ID_193
1	132	-	1	1.241078	I:	D:
>NODE_98_length_153_cov_1.0185_ID_195
1	153	-	1	1.396025	I:	D:
>NODE_99_length_299_cov_2.0000_ID_197
1	152	-	3	1.303572	I:	D:
156	299	-	3	1.302869	I:	D:
>NODE_100_length_159_cov_3.0500_ID_199
1	159	-	3	1.232231	I:	D:
>NODE_101_length_432_cov_2.6817_ID_201
273	380	+	3	1.337248	I:	D:
>NODE_102_length_329_cov_2.0000_ID_203
1	241	+	2	1.388348	I:	D:
>NODE_103_length_198_cov_1.0101_ID_205
1	198	+	2	1.312580	I:	D:
>NODE_104_length_307_cov_2.0000_ID_207
180	307	+	3	1.202763	I:	D:
>NODE_105_length_183_cov_2.0238_ID_209
1	183	-	2	1.330299	I:	D:
>NODE_106_length_123_cov_1.0417_ID_211
1	123	-	3	1.309557	I:	D:
>NODE_107_length_197_cov_1.0102_ID_213
1	146	+	3	1.386256	I:	D:
>NODE_108_length_128_cov_1.0345_ID_215
1	70	+	2	1.364464	I:	D:
>NODE_109_length_126_cov_3.1111_ID_217
1	126	-	2	1.289729	I:	D:
>NODE_110_length_135_cov_2.0556_ID_219
1	135	+	3	1.249400	I:	D:
>NODE_111_length_162_cov_2.0317_ID_221
1	162	+	2	1.256032	I:	D:
>NODE_112_length_135_cov_1.0278_ID_223
1	135	-	3	1.330802	I:	D:
>NODE_113_length_126_cov_3.1111_ID_225
1	126	-	2	1.271440	I:	D:
>NODE_114_length_126_cov_1.0370_ID_227
1	126	-	3	1.220233	I:	D:
>NODE_115_length_147_cov_2.0417_ID_229
1	147	+	3	1.201557	I:	D:
>NODE_116_length_138_cov_1.0256_ID_231
1	138	+	3	1.075853	I:	D:
>NODE_117_length_164_cov_1.0154_ID_233
1	164	-	2	1.333394	I:	D:
>NODE_118_length_120_cov_2.0952_ID_235
1	120	+	1	0.937322	I:	D:
>NODE_119_length_132_cov_3.0909_ID_237
1	132	+	2	1.225236	I:	D:
>NODE_120_length_129_cov_2.0667_ID_239
1	129	+	2	1.224460	I:	D:
>NODE_121_length_132_cov_2.0606_ID_241
1	132	+	1	0.888175	I:	D:
